------------------------------------------------------------
Timing Analyzer Summary
------------------------------------------------------------

Type  : Slow 1200mV 85C Model Setup 'clk'
Slack : -3.736
TNS   : -50.070

Type  : Slow 1200mV 85C Model Setup 'clock_divider:divisor|clk_out'
Slack : -0.328
TNS   : -0.973

Type  : Slow 1200mV 85C Model Setup 'contador_mod10:modd10|carry'
Slack : -0.224
TNS   : -0.410

Type  : Slow 1200mV 85C Model Hold 'clock_divider:divisor|clk_out'
Slack : 0.402
TNS   : 0.000

Type  : Slow 1200mV 85C Model Hold 'contador_mod10:modd10|carry'
Slack : 0.403
TNS   : 0.000

Type  : Slow 1200mV 85C Model Hold 'clk'
Slack : 0.442
TNS   : 0.000

Type  : Slow 1200mV 85C Model Minimum Pulse Width 'clk'
Slack : -3.000
TNS   : -37.695

Type  : Slow 1200mV 85C Model Minimum Pulse Width 'clock_divider:divisor|clk_out'
Slack : -1.285
TNS   : -6.425

Type  : Slow 1200mV 85C Model Minimum Pulse Width 'contador_mod10:modd10|carry'
Slack : -1.285
TNS   : -3.855

Type  : Slow 1200mV 0C Model Setup 'clk'
Slack : -3.368
TNS   : -42.492

Type  : Slow 1200mV 0C Model Setup 'clock_divider:divisor|clk_out'
Slack : -0.185
TNS   : -0.470

Type  : Slow 1200mV 0C Model Setup 'contador_mod10:modd10|carry'
Slack : -0.094
TNS   : -0.159

Type  : Slow 1200mV 0C Model Hold 'clock_divider:divisor|clk_out'
Slack : 0.353
TNS   : 0.000

Type  : Slow 1200mV 0C Model Hold 'contador_mod10:modd10|carry'
Slack : 0.355
TNS   : 0.000

Type  : Slow 1200mV 0C Model Hold 'clk'
Slack : 0.401
TNS   : 0.000

Type  : Slow 1200mV 0C Model Minimum Pulse Width 'clk'
Slack : -3.000
TNS   : -37.695

Type  : Slow 1200mV 0C Model Minimum Pulse Width 'clock_divider:divisor|clk_out'
Slack : -1.285
TNS   : -6.425

Type  : Slow 1200mV 0C Model Minimum Pulse Width 'contador_mod10:modd10|carry'
Slack : -1.285
TNS   : -3.855

Type  : Fast 1200mV 0C Model Setup 'clk'
Slack : -1.393
TNS   : -11.391

Type  : Fast 1200mV 0C Model Setup 'clock_divider:divisor|clk_out'
Slack : 0.340
TNS   : 0.000

Type  : Fast 1200mV 0C Model Setup 'contador_mod10:modd10|carry'
Slack : 0.397
TNS   : 0.000

Type  : Fast 1200mV 0C Model Hold 'clock_divider:divisor|clk_out'
Slack : 0.181
TNS   : 0.000

Type  : Fast 1200mV 0C Model Hold 'contador_mod10:modd10|carry'
Slack : 0.182
TNS   : 0.000

Type  : Fast 1200mV 0C Model Hold 'clk'
Slack : 0.201
TNS   : 0.000

Type  : Fast 1200mV 0C Model Minimum Pulse Width 'clk'
Slack : -3.000
TNS   : -31.632

Type  : Fast 1200mV 0C Model Minimum Pulse Width 'clock_divider:divisor|clk_out'
Slack : -1.000
TNS   : -5.000

Type  : Fast 1200mV 0C Model Minimum Pulse Width 'contador_mod10:modd10|carry'
Slack : -1.000
TNS   : -3.000

------------------------------------------------------------
